[0.000000] (-) TimerEvent: {}
[0.001235] (-) JobUnselected: {'identifier': 'my_py_pkg'}
[0.001325] (my_cpp_pkg) JobQueued: {'identifier': 'my_cpp_pkg', 'dependencies': OrderedDict()}
[0.001368] (my_cpp_pkg) JobStarted: {'identifier': 'my_cpp_pkg'}
[0.022065] (my_cpp_pkg) JobProgress: {'identifier': 'my_cpp_pkg', 'progress': 'cmake'}
[0.026156] (my_cpp_pkg) JobProgress: {'identifier': 'my_cpp_pkg', 'progress': 'build'}
[0.026365] (my_cpp_pkg) Command: {'cmd': ['/usr/bin/cmake', '--build', '/home/starchdev/ros2_ws/build/my_cpp_pkg', '--', '-j2', '-l2'], 'cwd': '/home/starchdev/ros2_ws/build/my_cpp_pkg', 'env': OrderedDict({'LESSOPEN': '| /usr/bin/lesspipe %s', 'GTK_CSD': '0', 'USER': 'starchdev', 'XDG_SEAT': 'seat0', 'XDG_SESSION_TYPE': 'x11', 'XDG_CACHE_HOME': '/home/starchdev/.cache', 'SHLVL': '1', 'LD_LIBRARY_PATH': '/opt/ros/jazzy/opt/rviz_ogre_vendor/lib:/opt/ros/jazzy/lib/x86_64-linux-gnu:/opt/ros/jazzy/opt/gz_math_vendor/lib:/opt/ros/jazzy/opt/gz_utils_vendor/lib:/opt/ros/jazzy/opt/gz_cmake_vendor/lib:/opt/ros/jazzy/lib', 'BROWSER': 'firefox', 'HOME': '/home/starchdev', 'OLDPWD': '/home/starchdev/ros2_ws/src/my_py_pkg', 'DESKTOP_SESSION': 'lxqt', 'ROS_PYTHON_VERSION': '3', 'GTK_MODULES': 'gail:atk-bridge', 'GSM_SKIP_SSH_AGENT_WORKAROUND': 'true', 'DBUS_SESSION_BUS_ADDRESS': 'unix:path=/run/user/1000/bus', 'COLORTERM': 'truecolor', 'TERMINATOR_DBUS_NAME': 'net.tenshu.Terminator21a9d5db22c73a993ff0b42f64b396873', 'DEBUGINFOD_URLS': 'https://debuginfod.ubuntu.com', 'QT_QPA_PLATFORMTHEME': 'lxqt', 'COLCON_PREFIX_PATH': '/home/starchdev/ros2_ws/install', 'ROS_DISTRO': 'jazzy', 'GTK_IM_MODULE': 'ibus', 'LOGNAME': 'starchdev', '_': '/usr/bin/colcon', 'ROS_VERSION': '2', 'XDG_SESSION_CLASS': 'user', 'USERNAME': 'starchdev', 'TERM': 'xterm-256color', 'GTK_OVERLAY_SCROLLING': '0', 'XDG_SESSION_ID': '2', 'WINDOWPATH': '2', 'PATH': '/opt/ros/jazzy/bin:/usr/local/sbin:/usr/local/bin:/usr/sbin:/usr/bin:/sbin:/bin:/usr/games:/usr/local/games:/snap/bin:/snap/bin', 'XDG_MENU_PREFIX': 'lxqt-', 'XDG_RUNTIME_DIR': '/run/user/1000', 'DISPLAY': ':0', 'TERMINATOR_DBUS_PATH': '/net/tenshu/Terminator2', 'LANG': 'en_US.UTF-8', 'XDG_CURRENT_DESKTOP': 'LXQt', 'XDG_DATA_HOME': '/home/starchdev/.local/share', 'XDG_CONFIG_HOME': '/home/starchdev/.config', 'XMODIFIERS': '@im=ibus', 'XDG_SESSION_DESKTOP': 'lxqt', 'XAUTHORITY': '/run/user/1000/gdm/Xauthority', 'LS_COLORS': 'rs=0:di=01;34:ln=01;36:mh=00:pi=40;33:so=01;35:do=01;35:bd=40;33;01:cd=40;33;01:or=40;31;01:mi=00:su=37;41:sg=30;43:ca=00:tw=30;42:ow=34;42:st=37;44:ex=01;32:*.tar=01;31:*.tgz=01;31:*.arc=01;31:*.arj=01;31:*.taz=01;31:*.lha=01;31:*.lz4=01;31:*.lzh=01;31:*.lzma=01;31:*.tlz=01;31:*.txz=01;31:*.tzo=01;31:*.t7z=01;31:*.zip=01;31:*.z=01;31:*.dz=01;31:*.gz=01;31:*.lrz=01;31:*.lz=01;31:*.lzo=01;31:*.xz=01;31:*.zst=01;31:*.tzst=01;31:*.bz2=01;31:*.bz=01;31:*.tbz=01;31:*.tbz2=01;31:*.tz=01;31:*.deb=01;31:*.rpm=01;31:*.jar=01;31:*.war=01;31:*.ear=01;31:*.sar=01;31:*.rar=01;31:*.alz=01;31:*.ace=01;31:*.zoo=01;31:*.cpio=01;31:*.7z=01;31:*.rz=01;31:*.cab=01;31:*.wim=01;31:*.swm=01;31:*.dwm=01;31:*.esd=01;31:*.avif=01;35:*.jpg=01;35:*.jpeg=01;35:*.mjpg=01;35:*.mjpeg=01;35:*.gif=01;35:*.bmp=01;35:*.pbm=01;35:*.pgm=01;35:*.ppm=01;35:*.tga=01;35:*.xbm=01;35:*.xpm=01;35:*.tif=01;35:*.tiff=01;35:*.png=01;35:*.svg=01;35:*.svgz=01;35:*.mng=01;35:*.pcx=01;35:*.mov=01;35:*.mpg=01;35:*.mpeg=01;35:*.m2v=01;35:*.mkv=01;35:*.webm=01;35:*.webp=01;35:*.ogm=01;35:*.mp4=01;35:*.m4v=01;35:*.mp4v=01;35:*.vob=01;35:*.qt=01;35:*.nuv=01;35:*.wmv=01;35:*.asf=01;35:*.rm=01;35:*.rmvb=01;35:*.flc=01;35:*.avi=01;35:*.fli=01;35:*.flv=01;35:*.gl=01;35:*.dl=01;35:*.xcf=01;35:*.xwd=01;35:*.yuv=01;35:*.cgm=01;35:*.emf=01;35:*.ogv=01;35:*.ogx=01;35:*.aac=00;36:*.au=00;36:*.flac=00;36:*.m4a=00;36:*.mid=00;36:*.midi=00;36:*.mka=00;36:*.mp3=00;36:*.mpc=00;36:*.ogg=00;36:*.ra=00;36:*.wav=00;36:*.oga=00;36:*.opus=00;36:*.spx=00;36:*.xspf=00;36:*~=00;90:*#=00;90:*.bak=00;90:*.crdownload=00;90:*.dpkg-dist=00;90:*.dpkg-new=00;90:*.dpkg-old=00;90:*.dpkg-tmp=00;90:*.old=00;90:*.orig=00;90:*.part=00;90:*.rej=00;90:*.rpmnew=00;90:*.rpmorig=00;90:*.rpmsave=00;90:*.swp=00;90:*.tmp=00;90:*.ucf-dist=00;90:*.ucf-new=00;90:*.ucf-old=00;90:', 'SSH_AUTH_SOCK': '/run/user/1000/gnupg/S.gpg-agent.ssh', 'AMENT_PREFIX_PATH': '/home/starchdev/ros2_ws/install/my_py_pkg:/home/starchdev/ros2_ws/install/my_cpp_pkg:/opt/ros/jazzy', 'SHELL': '/bin/bash', 'TERMINATOR_UUID': 'urn:uuid:1685d6b3-1ad0-4443-a7ff-cf2cb1ca46fc', 'QT_ACCESSIBILITY': '1', 'GDMSESSION': 'lxqt', 'LESSCLOSE': '/usr/bin/lesspipe %s %s', 'LXQT_SESSION_CONFIG': 'session', 'GPG_AGENT_INFO': '/run/user/1000/gnupg/S.gpg-agent:0:1', 'ROS_AUTOMATIC_DISCOVERY_RANGE': 'SUBNET', 'QT_IM_MODULE': 'ibus', 'XDG_VTNR': '2', 'PWD': '/home/starchdev/ros2_ws/build/my_cpp_pkg', 'LC_ALL': 'en_US.UTF-8', 'XDG_CONFIG_DIRS': '/etc/xdg/xdg-lxqt:/etc/xdg:/etc:/usr/share', 'CLUTTER_IM_MODULE': 'ibus', 'XDG_DATA_DIRS': '/usr/share/lxqt:/usr/share/gnome:/home/starchdev/.local/share/flatpak/exports/share:/var/lib/flatpak/exports/share:/usr/local/share/:/usr/share/:/var/lib/snapd/desktop:/usr/share', 'QTWEBENGINE_DICTIONARIES_PATH': '/usr/share/hunspell-bdic/', 'PYTHONPATH': '/home/starchdev/ros2_ws/install/my_py_pkg/lib/python3.12/site-packages:/opt/ros/jazzy/lib/python3.12/site-packages', 'QT_PLATFORM_PLUGIN': 'lxqt', 'COLCON': '1', 'VTE_VERSION': '7600', 'CMAKE_PREFIX_PATH': '/home/starchdev/ros2_ws/install/my_cpp_pkg:/opt/ros/jazzy/opt/gz_math_vendor:/opt/ros/jazzy/opt/gz_utils_vendor:/opt/ros/jazzy/opt/gz_cmake_vendor'}), 'shell': False}
[0.094880] (my_cpp_pkg) StdoutLine: {'line': b'-- Found ament_cmake: 2.5.4 (/opt/ros/jazzy/share/ament_cmake/cmake)\n'}
[0.099655] (-) TimerEvent: {}
[0.200018] (-) TimerEvent: {}
[0.300424] (-) TimerEvent: {}
[0.400850] (-) TimerEvent: {}
[0.501388] (-) TimerEvent: {}
[0.522205] (my_cpp_pkg) StdoutLine: {'line': b'-- Found rclcpp: 28.1.10 (/opt/ros/jazzy/share/rclcpp/cmake)\n'}
[0.584695] (my_cpp_pkg) StdoutLine: {'line': b'-- Found rosidl_generator_c: 4.6.5 (/opt/ros/jazzy/share/rosidl_generator_c/cmake)\n'}
[0.601551] (-) TimerEvent: {}
[0.606402] (my_cpp_pkg) StdoutLine: {'line': b'-- Found rosidl_generator_cpp: 4.6.5 (/opt/ros/jazzy/share/rosidl_generator_cpp/cmake)\n'}
[0.634076] (my_cpp_pkg) StdoutLine: {'line': b'-- Using all available rosidl_typesupport_c: rosidl_typesupport_fastrtps_c;rosidl_typesupport_introspection_c\n'}
[0.664575] (my_cpp_pkg) StdoutLine: {'line': b'-- Using all available rosidl_typesupport_cpp: rosidl_typesupport_fastrtps_cpp;rosidl_typesupport_introspection_cpp\n'}
[0.701691] (-) TimerEvent: {}
[0.803604] (-) TimerEvent: {}
[0.809456] (my_cpp_pkg) StdoutLine: {'line': b'-- Found rmw_implementation_cmake: 7.3.2 (/opt/ros/jazzy/share/rmw_implementation_cmake/cmake)\n'}
[0.812686] (my_cpp_pkg) StdoutLine: {'line': b'-- Found rmw_fastrtps_cpp: 8.4.2 (/opt/ros/jazzy/share/rmw_fastrtps_cpp/cmake)\n'}
[0.903780] (-) TimerEvent: {}
[0.945133] (my_cpp_pkg) StdoutLine: {'line': b"-- Using RMW implementation 'rmw_fastrtps_cpp' as default\n"}
[1.003957] (-) TimerEvent: {}
[1.087716] (my_cpp_pkg) StdoutLine: {'line': b'-- Found example_interfaces: 0.12.0 (/opt/ros/jazzy/share/example_interfaces/cmake)\n'}
[1.104085] (-) TimerEvent: {}
[1.204493] (-) TimerEvent: {}
[1.304894] (-) TimerEvent: {}
[1.348497] (my_cpp_pkg) StderrLine: {'line': b"Error parsing '/home/starchdev/ros2_ws/src/my_cpp_pkg/package.xml':\n"}
[1.405027] (-) TimerEvent: {}
[1.505456] (-) TimerEvent: {}
[1.606146] (-) TimerEvent: {}
[1.708397] (-) TimerEvent: {}
[1.808853] (-) TimerEvent: {}
[1.909314] (-) TimerEvent: {}
[2.009722] (-) TimerEvent: {}
[2.112784] (-) TimerEvent: {}
[2.214210] (-) TimerEvent: {}
[2.323214] (-) TimerEvent: {}
[2.423618] (-) TimerEvent: {}
[2.526143] (-) TimerEvent: {}
[2.626608] (-) TimerEvent: {}
[2.727196] (-) TimerEvent: {}
[2.831282] (-) TimerEvent: {}
[2.931756] (-) TimerEvent: {}
[3.032196] (-) TimerEvent: {}
[3.136079] (-) TimerEvent: {}
[3.236553] (-) TimerEvent: {}
[3.337180] (-) TimerEvent: {}
[3.439376] (-) TimerEvent: {}
[3.541786] (-) TimerEvent: {}
[3.642432] (-) TimerEvent: {}
[3.743058] (-) TimerEvent: {}
[3.845330] (-) TimerEvent: {}
[3.947767] (-) TimerEvent: {}
[4.050177] (-) TimerEvent: {}
[4.152657] (-) TimerEvent: {}
[4.255000] (-) TimerEvent: {}
[4.357317] (-) TimerEvent: {}
[4.459361] (-) TimerEvent: {}
[4.560017] (-) TimerEvent: {}
[4.660633] (-) TimerEvent: {}
[4.763042] (-) TimerEvent: {}
[4.863580] (-) TimerEvent: {}
[4.964986] (-) TimerEvent: {}
[5.066000] (-) TimerEvent: {}
[5.167014] (-) TimerEvent: {}
[5.267536] (-) TimerEvent: {}
[5.368045] (-) TimerEvent: {}
[5.470336] (-) TimerEvent: {}
[5.571012] (-) TimerEvent: {}
[5.671632] (-) TimerEvent: {}
[5.772129] (-) TimerEvent: {}
[5.872649] (-) TimerEvent: {}
[5.973176] (-) TimerEvent: {}
[6.075648] (-) TimerEvent: {}
[6.178093] (-) TimerEvent: {}
[6.278683] (-) TimerEvent: {}
[6.379283] (-) TimerEvent: {}
[6.479896] (-) TimerEvent: {}
[6.580443] (-) TimerEvent: {}
[6.680973] (-) TimerEvent: {}
[6.781545] (-) TimerEvent: {}
[6.882045] (-) TimerEvent: {}
[6.982457] (-) TimerEvent: {}
[7.082847] (-) TimerEvent: {}
[7.185017] (-) TimerEvent: {}
[7.285482] (-) TimerEvent: {}
[7.386032] (-) TimerEvent: {}
[7.488338] (-) TimerEvent: {}
[7.531157] (my_cpp_pkg) StderrLine: {'line': b'Traceback (most recent call last):\n'}
[7.531469] (my_cpp_pkg) StderrLine: {'line': b'  File "/usr/lib/python3/dist-packages/catkin_pkg/package.py", line 610, in parse_package_string\n'}
[7.531636] (my_cpp_pkg) StderrLine: {'line': b'    root = dom.parseString(data)\n'}
[7.531796] (my_cpp_pkg) StderrLine: {'line': b'           ^^^^^^^^^^^^^^^^^^^^^\n'}
[7.531977] (my_cpp_pkg) StderrLine: {'line': b'  File "/usr/lib/python3.12/xml/dom/minidom.py", line 2000, in parseString\n'}
[7.537029] (my_cpp_pkg) StderrLine: {'line': b'    return expatbuilder.parseString(string)\n'}
[7.537394] (my_cpp_pkg) StderrLine: {'line': b'           ^^^^^^^^^^^^^^^^^^^^^^^^^^^^^^^^\n'}
[7.537558] (my_cpp_pkg) StderrLine: {'line': b'  File "/usr/lib/python3.12/xml/dom/expatbuilder.py", line 922, in parseString\n'}
[7.537719] (my_cpp_pkg) StderrLine: {'line': b'    return builder.parseString(string)\n'}
[7.537876] (my_cpp_pkg) StderrLine: {'line': b'           ^^^^^^^^^^^^^^^^^^^^^^^^^^^\n'}
[7.539375] (my_cpp_pkg) StderrLine: {'line': b'  File "/usr/lib/python3.12/xml/dom/expatbuilder.py", line 220, in parseString\n'}
[7.539564] (my_cpp_pkg) StderrLine: {'line': b'    parser.Parse(string, True)\n'}
[7.539720] (my_cpp_pkg) StderrLine: {'line': b'xml.parsers.expat.ExpatError: not well-formed (invalid token): line 13, column 30\n'}
[7.539870] (my_cpp_pkg) StderrLine: {'line': b'\n'}
[7.545814] (my_cpp_pkg) StderrLine: {'line': b'During handling of the above exception, another exception occurred:\n'}
[7.547209] (my_cpp_pkg) StderrLine: {'line': b'\n'}
[7.547635] (my_cpp_pkg) StderrLine: {'line': b'Traceback (most recent call last):\n'}
[7.549721] (my_cpp_pkg) StderrLine: {'line': b'  File "/opt/ros/jazzy/share/ament_cmake_core/cmake/core/package_xml_2_cmake.py", line 150, in <module>\n'}
[7.550064] (my_cpp_pkg) StderrLine: {'line': b'    main()\n'}
[7.550233] (my_cpp_pkg) StderrLine: {'line': b'  File "/opt/ros/jazzy/share/ament_cmake_core/cmake/core/package_xml_2_cmake.py", line 53, in main\n'}
[7.550390] (my_cpp_pkg) StderrLine: {'line': b'    raise e\n'}
[7.550546] (my_cpp_pkg) StderrLine: {'line': b'  File "/opt/ros/jazzy/share/ament_cmake_core/cmake/core/package_xml_2_cmake.py", line 49, in main\n'}
[7.550702] (my_cpp_pkg) StderrLine: {'line': b'    package = parse_package_string(\n'}
[7.550854] (my_cpp_pkg) StderrLine: {'line': b'              ^^^^^^^^^^^^^^^^^^^^^\n'}
[7.551310] (my_cpp_pkg) StderrLine: {'line': b'  File "/usr/lib/python3/dist-packages/catkin_pkg/package.py", line 612, in parse_package_string\n'}
[7.552868] (my_cpp_pkg) StderrLine: {'line': b"    raise InvalidPackage('The manifest contains invalid XML:\\n%s' % ex, filename)\n"}
[7.553180] (my_cpp_pkg) StderrLine: {'line': b"catkin_pkg.package.InvalidPackage: Error(s) in package '/home/starchdev/ros2_ws/src/my_cpp_pkg/package.xml':\n"}
[7.553343] (my_cpp_pkg) StderrLine: {'line': b'The manifest contains invalid XML:\n'}
[7.553495] (my_cpp_pkg) StderrLine: {'line': b'not well-formed (invalid token): line 13, column 30\n'}
[7.589195] (-) TimerEvent: {}
[7.636749] (my_cpp_pkg) StderrLine: {'line': b'\x1b[31mCMake Error at /opt/ros/jazzy/share/ament_cmake_core/cmake/core/ament_package_xml.cmake:95 (message):\n'}
[7.637138] (my_cpp_pkg) StderrLine: {'line': b'  execute_process(/usr/bin/python3\n'}
[7.637306] (my_cpp_pkg) StderrLine: {'line': b'  /opt/ros/jazzy/share/ament_cmake_core/cmake/core/package_xml_2_cmake.py\n'}
[7.637463] (my_cpp_pkg) StderrLine: {'line': b'  /home/starchdev/ros2_ws/src/my_cpp_pkg/package.xml\n'}
[7.637622] (my_cpp_pkg) StderrLine: {'line': b'  /home/starchdev/ros2_ws/build/my_cpp_pkg/ament_cmake_core/package.cmake)\n'}
[7.637822] (my_cpp_pkg) StderrLine: {'line': b'  returned error code 1\n'}
[7.638013] (my_cpp_pkg) StderrLine: {'line': b'Call Stack (most recent call first):\n'}
[7.638193] (my_cpp_pkg) StderrLine: {'line': b'  /opt/ros/jazzy/share/ament_cmake_core/cmake/core/ament_package_xml.cmake:49 (_ament_package_xml)\n'}
[7.638376] (my_cpp_pkg) StderrLine: {'line': b'  /opt/ros/jazzy/share/ament_cmake_core/cmake/core/ament_package.cmake:63 (ament_package_xml)\n'}
[7.638559] (my_cpp_pkg) StderrLine: {'line': b'  CMakeLists.txt:48 (ament_package)\n'}
[7.638743] (my_cpp_pkg) StderrLine: {'line': b'\n'}
[7.638951] (my_cpp_pkg) StderrLine: {'line': b'\x1b[0m\n'}
[7.639229] (my_cpp_pkg) StdoutLine: {'line': b'-- Configuring incomplete, errors occurred!\n'}
[7.651072] (my_cpp_pkg) StderrLine: {'line': b'gmake: *** [Makefile:267: cmake_check_build_system] Error 1\n'}
[7.654708] (my_cpp_pkg) CommandEnded: {'returncode': 2}
[7.655322] (my_cpp_pkg) JobEnded: {'identifier': 'my_cpp_pkg', 'rc': 2}
[7.666017] (-) EventReactorShutdown: {}
