[0.028s] Invoking command in '/home/starchdev/ros2_ws/build/my_cpp_pkg': DEBUGINFOD_URLS=https://debuginfod.ubuntu.com /usr/bin/cmake --build /home/starchdev/ros2_ws/build/my_cpp_pkg -- -j2 -l2
[0.101s] -- Found ament_cmake: 2.5.4 (/opt/ros/jazzy/share/ament_cmake/cmake)
[0.521s] -- Found rclcpp: 28.1.10 (/opt/ros/jazzy/share/rclcpp/cmake)
[0.582s] -- Found rosidl_generator_c: 4.6.5 (/opt/ros/jazzy/share/rosidl_generator_c/cmake)
[0.603s] -- Found rosidl_generator_cpp: 4.6.5 (/opt/ros/jazzy/share/rosidl_generator_cpp/cmake)
[0.633s] -- Using all available rosidl_typesupport_c: rosidl_typesupport_fastrtps_c;rosidl_typesupport_introspection_c
[0.666s] -- Using all available rosidl_typesupport_cpp: rosidl_typesupport_fastrtps_cpp;rosidl_typesupport_introspection_cpp
[0.805s] -- Found rmw_implementation_cmake: 7.3.2 (/opt/ros/jazzy/share/rmw_implementation_cmake/cmake)
[0.811s] -- Found rmw_fastrtps_cpp: 8.4.2 (/opt/ros/jazzy/share/rmw_fastrtps_cpp/cmake)
[0.940s] -- Using RMW implementation 'rmw_fastrtps_cpp' as default
[1.082s] -- Found example_interfaces: 0.12.0 (/opt/ros/jazzy/share/example_interfaces/cmake)
[1.340s] Error parsing '/home/starchdev/ros2_ws/src/my_cpp_pkg/package.xml':
[7.475s] Traceback (most recent call last):
[7.475s]   File "/usr/lib/python3/dist-packages/catkin_pkg/package.py", line 610, in parse_package_string
[7.476s]     root = dom.parseString(data)
[7.476s]            ^^^^^^^^^^^^^^^^^^^^^
[7.476s]   File "/usr/lib/python3.12/xml/dom/minidom.py", line 2000, in parseString
[7.476s]     return expatbuilder.parseString(string)
[7.477s]            ^^^^^^^^^^^^^^^^^^^^^^^^^^^^^^^^
[7.477s]   File "/usr/lib/python3.12/xml/dom/expatbuilder.py", line 922, in parseString
[7.477s]     return builder.parseString(string)
[7.477s]            ^^^^^^^^^^^^^^^^^^^^^^^^^^^
[7.477s]   File "/usr/lib/python3.12/xml/dom/expatbuilder.py", line 220, in parseString
[7.478s]     parser.Parse(string, True)
[7.478s] xml.parsers.expat.ExpatError: not well-formed (invalid token): line 13, column 30
[7.478s] 
[7.479s] During handling of the above exception, another exception occurred:
[7.479s] 
[7.479s] Traceback (most recent call last):
[7.479s]   File "/opt/ros/jazzy/share/ament_cmake_core/cmake/core/package_xml_2_cmake.py", line 150, in <module>
[7.479s]     main()
[7.479s]   File "/opt/ros/jazzy/share/ament_cmake_core/cmake/core/package_xml_2_cmake.py", line 53, in main
[7.479s]     raise e
[7.480s]   File "/opt/ros/jazzy/share/ament_cmake_core/cmake/core/package_xml_2_cmake.py", line 49, in main
[7.480s]     package = parse_package_string(
[7.480s]               ^^^^^^^^^^^^^^^^^^^^^
[7.480s]   File "/usr/lib/python3/dist-packages/catkin_pkg/package.py", line 612, in parse_package_string
[7.480s]     raise InvalidPackage('The manifest contains invalid XML:\n%s' % ex, filename)
[7.480s] catkin_pkg.package.InvalidPackage: Error(s) in package '/home/starchdev/ros2_ws/src/my_cpp_pkg/package.xml':
[7.481s] The manifest contains invalid XML:
[7.481s] not well-formed (invalid token): line 13, column 30
[7.571s] [31mCMake Error at /opt/ros/jazzy/share/ament_cmake_core/cmake/core/ament_package_xml.cmake:95 (message):
[7.571s]   execute_process(/usr/bin/python3
[7.572s]   /opt/ros/jazzy/share/ament_cmake_core/cmake/core/package_xml_2_cmake.py
[7.572s]   /home/starchdev/ros2_ws/src/my_cpp_pkg/package.xml
[7.572s]   /home/starchdev/ros2_ws/build/my_cpp_pkg/ament_cmake_core/package.cmake)
[7.572s]   returned error code 1
[7.572s] Call Stack (most recent call first):
[7.572s]   /opt/ros/jazzy/share/ament_cmake_core/cmake/core/ament_package_xml.cmake:49 (_ament_package_xml)
[7.573s]   /opt/ros/jazzy/share/ament_cmake_core/cmake/core/ament_package.cmake:63 (ament_package_xml)
[7.574s]   CMakeLists.txt:48 (ament_package)
[7.574s] 
[7.574s] [0m
[7.574s] -- Configuring incomplete, errors occurred!
[7.592s] gmake: *** [Makefile:267: cmake_check_build_system] Error 1
[7.595s] Invoked command in '/home/starchdev/ros2_ws/build/my_cpp_pkg' returned '2': DEBUGINFOD_URLS=https://debuginfod.ubuntu.com /usr/bin/cmake --build /home/starchdev/ros2_ws/build/my_cpp_pkg -- -j2 -l2
